1 erros 1 
erros 2
ls
Il
